{"signed_in":false,"milliseconds_since_first_event":0,"type":"Flexible","event_type":"App Opened","event_properties":{"event_source":"zed"}}
{"signed_in":false,"milliseconds_since_first_event":0,"type":"Flexible","event_type":"Extensions Loaded","event_properties":{"id_and_versions":[["git-firefly","0.1.3"],["html","0.3.0"],["log","0.0.6"],["toml","1.0.1"]],"event_source":"zed"}}
{"signed_in":false,"milliseconds_since_first_event":0,"type":"Flexible","event_type":"Settings Changed","event_properties":{"value":"One Dark","setting":"theme","event_source":"zed"}}
{"signed_in":false,"milliseconds_since_first_event":0,"type":"Flexible","event_type":"Settings Changed","event_properties":{"value":"VS Code","event_source":"zed","setting":"keymap"}}
{"signed_in":false,"milliseconds_since_first_event":105,"type":"Flexible","event_type":"Editor Opened","event_properties":{"edit_predictions_provider":"zed","file_extension":"conf","copilot_enabled_for_language":true,"vim_mode":true,"is_via_ssh":false,"event_source":"zed","copilot_enabled":false}}
{"signed_in":false,"milliseconds_since_first_event":111,"type":"Flexible","event_type":"Editor Opened","event_properties":{"is_via_ssh":false,"event_source":"zed","file_extension":null,"vim_mode":true,"copilot_enabled":false,"copilot_enabled_for_language":true,"edit_predictions_provider":"zed"}}
{"signed_in":false,"milliseconds_since_first_event":15946,"type":"Flexible","event_type":"Editor Closed","event_properties":{"copilot_enabled_for_language":true,"is_via_ssh":false,"file_extension":null,"copilot_enabled":false,"edit_predictions_provider":"zed","vim_mode":true,"event_source":"zed"}}
{"signed_in":false,"milliseconds_since_first_event":15946,"type":"Flexible","event_type":"Editor Opened","event_properties":{"file_extension":"vim","copilot_enabled":false,"event_source":"zed","vim_mode":true,"copilot_enabled_for_language":true,"is_via_ssh":false,"edit_predictions_provider":"zed"}}
{"signed_in":false,"milliseconds_since_first_event":47360,"type":"Flexible","event_type":"Editor Closed","event_properties":{"copilot_enabled":false,"copilot_enabled_for_language":true,"is_via_ssh":false,"edit_predictions_provider":"zed","file_extension":"vim","vim_mode":true,"event_source":"zed"}}
{"signed_in":false,"milliseconds_since_first_event":47360,"type":"Flexible","event_type":"Editor Opened","event_properties":{"file_extension":"css","vim_mode":true,"copilot_enabled":false,"copilot_enabled_for_language":true,"edit_predictions_provider":"zed","is_via_ssh":false,"event_source":"zed"}}
{"signed_in":false,"milliseconds_since_first_event":62024,"type":"Flexible","event_type":"Editor Closed","event_properties":{"is_via_ssh":false,"event_source":"zed","edit_predictions_provider":"zed","copilot_enabled":false,"vim_mode":true,"copilot_enabled_for_language":true,"file_extension":"css"}}
{"signed_in":false,"milliseconds_since_first_event":62025,"type":"Flexible","event_type":"Editor Opened","event_properties":{"copilot_enabled_for_language":true,"edit_predictions_provider":"zed","event_source":"zed","is_via_ssh":false,"copilot_enabled":false,"vim_mode":true,"file_extension":"css"}}
{"signed_in":false,"milliseconds_since_first_event":81502,"type":"Flexible","event_type":"Editor Closed","event_properties":{"is_via_ssh":false,"event_source":"zed","vim_mode":true,"copilot_enabled":false,"copilot_enabled_for_language":true,"file_extension":"css","edit_predictions_provider":"zed"}}
{"signed_in":false,"milliseconds_since_first_event":81503,"type":"Flexible","event_type":"Editor Opened","event_properties":{"copilot_enabled_for_language":true,"is_via_ssh":false,"vim_mode":true,"file_extension":"conf","copilot_enabled":false,"edit_predictions_provider":"zed","event_source":"zed"}}
{"signed_in":false,"milliseconds_since_first_event":90807,"type":"Flexible","event_type":"Editor Closed","event_properties":{"copilot_enabled":false,"copilot_enabled_for_language":true,"edit_predictions_provider":"zed","is_via_ssh":false,"event_source":"zed","file_extension":"conf","vim_mode":true}}
{"signed_in":false,"milliseconds_since_first_event":90807,"type":"Flexible","event_type":"Editor Opened","event_properties":{"is_via_ssh":false,"file_extension":null,"vim_mode":true,"copilot_enabled":false,"copilot_enabled_for_language":true,"edit_predictions_provider":"zed","event_source":"zed"}}
{"signed_in":false,"milliseconds_since_first_event":92260,"type":"Flexible","event_type":"Editor Closed","event_properties":{"copilot_enabled_for_language":true,"edit_predictions_provider":"zed","event_source":"zed","is_via_ssh":false,"file_extension":null,"copilot_enabled":false,"vim_mode":true}}
{"signed_in":false,"milliseconds_since_first_event":92261,"type":"Flexible","event_type":"Editor Opened","event_properties":{"file_extension":null,"is_via_ssh":false,"event_source":"zed","copilot_enabled":false,"edit_predictions_provider":"zed","copilot_enabled_for_language":true,"vim_mode":true}}
{"signed_in":false,"milliseconds_since_first_event":93847,"type":"Flexible","event_type":"Editor Closed","event_properties":{"vim_mode":true,"copilot_enabled":false,"copilot_enabled_for_language":true,"file_extension":null,"event_source":"zed","edit_predictions_provider":"zed","is_via_ssh":false}}
{"signed_in":false,"milliseconds_since_first_event":93847,"type":"Flexible","event_type":"Editor Opened","event_properties":{"edit_predictions_provider":"zed","event_source":"zed","file_extension":"rasi","vim_mode":true,"copilot_enabled_for_language":true,"is_via_ssh":false,"copilot_enabled":false}}
{"signed_in":false,"milliseconds_since_first_event":105847,"type":"Flexible","event_type":"Editor Closed","event_properties":{"edit_predictions_provider":"zed","copilot_enabled_for_language":true,"vim_mode":true,"copilot_enabled":false,"is_via_ssh":false,"event_source":"zed","file_extension":"rasi"}}
{"signed_in":false,"milliseconds_since_first_event":105848,"type":"Flexible","event_type":"Editor Opened","event_properties":{"copilot_enabled_for_language":true,"edit_predictions_provider":"zed","vim_mode":true,"event_source":"zed","is_via_ssh":false,"file_extension":"json","copilot_enabled":false}}
{"signed_in":false,"milliseconds_since_first_event":112775,"type":"Flexible","event_type":"Editor Closed","event_properties":{"edit_predictions_provider":"zed","event_source":"zed","copilot_enabled_for_language":true,"vim_mode":true,"is_via_ssh":false,"file_extension":"json","copilot_enabled":false}}
{"signed_in":false,"milliseconds_since_first_event":112775,"type":"Flexible","event_type":"Editor Opened","event_properties":{"file_extension":null,"vim_mode":true,"edit_predictions_provider":"zed","copilot_enabled_for_language":true,"is_via_ssh":false,"copilot_enabled":false,"event_source":"zed"}}
{"signed_in":false,"milliseconds_since_first_event":114480,"type":"Flexible","event_type":"Editor Closed","event_properties":{"edit_predictions_provider":"zed","vim_mode":true,"is_via_ssh":false,"copilot_enabled":false,"event_source":"zed","file_extension":null,"copilot_enabled_for_language":true}}
{"signed_in":false,"milliseconds_since_first_event":114481,"type":"Flexible","event_type":"Editor Opened","event_properties":{"vim_mode":true,"file_extension":"json","copilot_enabled":false,"copilot_enabled_for_language":true,"edit_predictions_provider":"zed","event_source":"zed","is_via_ssh":false}}
{"signed_in":false,"milliseconds_since_first_event":119895,"type":"Flexible","event_type":"Editor Closed","event_properties":{"is_via_ssh":false,"file_extension":"json","vim_mode":true,"copilot_enabled":false,"edit_predictions_provider":"zed","event_source":"zed","copilot_enabled_for_language":true}}
{"signed_in":false,"milliseconds_since_first_event":119895,"type":"Flexible","event_type":"Editor Opened","event_properties":{"copilot_enabled_for_language":true,"edit_predictions_provider":"zed","file_extension":"toml","copilot_enabled":false,"event_source":"zed","is_via_ssh":false,"vim_mode":true}}
{"signed_in":false,"milliseconds_since_first_event":0,"type":"Flexible","event_type":"Editor Closed","event_properties":{"copilot_enabled_for_language":true,"is_via_ssh":false,"file_extension":"toml","vim_mode":true,"copilot_enabled":false,"edit_predictions_provider":"zed","event_source":"zed"}}
{"signed_in":false,"milliseconds_since_first_event":0,"type":"Flexible","event_type":"Editor Opened","event_properties":{"vim_mode":true,"file_extension":"sh","is_via_ssh":false,"event_source":"zed","edit_predictions_provider":"zed","copilot_enabled_for_language":true,"copilot_enabled":false}}
{"signed_in":false,"milliseconds_since_first_event":0,"type":"Flexible","event_type":"Editor Closed","event_properties":{"is_via_ssh":false,"event_source":"zed","file_extension":"sh","vim_mode":true,"copilot_enabled":false,"copilot_enabled_for_language":true,"edit_predictions_provider":"zed"}}
{"signed_in":false,"milliseconds_since_first_event":0,"type":"Flexible","event_type":"Editor Opened","event_properties":{"event_source":"zed","copilot_enabled_for_language":true,"file_extension":"sh","copilot_enabled":false,"vim_mode":true,"edit_predictions_provider":"zed","is_via_ssh":false}}
{"signed_in":false,"milliseconds_since_first_event":20,"type":"Flexible","event_type":"Editor Edited","event_properties":{"environment":"editor","event_source":"zed","duration":58,"is_via_ssh":false}}
{"signed_in":false,"milliseconds_since_first_event":55360,"type":"Flexible","event_type":"Editor Closed","event_properties":{"copilot_enabled":false,"copilot_enabled_for_language":true,"vim_mode":true,"file_extension":"sh","edit_predictions_provider":"zed","is_via_ssh":false,"event_source":"zed"}}
{"signed_in":false,"milliseconds_since_first_event":55360,"type":"Flexible","event_type":"Editor Opened","event_properties":{"event_source":"zed","file_extension":"sh","copilot_enabled":false,"vim_mode":true,"copilot_enabled_for_language":true,"edit_predictions_provider":"zed","is_via_ssh":false}}
{"signed_in":false,"milliseconds_since_first_event":70481,"type":"Flexible","event_type":"Editor Closed","event_properties":{"copilot_enabled":false,"copilot_enabled_for_language":true,"is_via_ssh":false,"edit_predictions_provider":"zed","event_source":"zed","file_extension":"sh","vim_mode":true}}
{"signed_in":false,"milliseconds_since_first_event":70481,"type":"Flexible","event_type":"Editor Opened","event_properties":{"copilot_enabled_for_language":true,"event_source":"zed","copilot_enabled":false,"edit_predictions_provider":"zed","file_extension":"sh","is_via_ssh":false,"vim_mode":true}}
{"signed_in":false,"milliseconds_since_first_event":74384,"type":"Flexible","event_type":"Editor Closed","event_properties":{"copilot_enabled_for_language":true,"copilot_enabled":false,"edit_predictions_provider":"zed","is_via_ssh":false,"event_source":"zed","file_extension":"sh","vim_mode":true}}
{"signed_in":false,"milliseconds_since_first_event":74384,"type":"Flexible","event_type":"Editor Opened","event_properties":{"edit_predictions_provider":"zed","event_source":"zed","is_via_ssh":false,"vim_mode":true,"file_extension":"css","copilot_enabled_for_language":true,"copilot_enabled":false}}
{"signed_in":false,"milliseconds_since_first_event":120700,"type":"Flexible","event_type":"Editor Closed","event_properties":{"copilot_enabled":false,"vim_mode":true,"edit_predictions_provider":"zed","is_via_ssh":false,"event_source":"zed","file_extension":"css","copilot_enabled_for_language":true}}
{"signed_in":false,"milliseconds_since_first_event":120701,"type":"Flexible","event_type":"Editor Opened","event_properties":{"copilot_enabled":false,"file_extension":"css","copilot_enabled_for_language":true,"vim_mode":true,"event_source":"zed","edit_predictions_provider":"zed","is_via_ssh":false}}
{"signed_in":false,"milliseconds_since_first_event":131347,"type":"Flexible","event_type":"Editor Closed","event_properties":{"event_source":"zed","copilot_enabled_for_language":true,"edit_predictions_provider":"zed","copilot_enabled":false,"vim_mode":true,"is_via_ssh":false,"file_extension":"css"}}
{"signed_in":false,"milliseconds_since_first_event":131348,"type":"Flexible","event_type":"Editor Opened","event_properties":{"is_via_ssh":false,"event_source":"zed","file_extension":"sh","vim_mode":true,"copilot_enabled":false,"edit_predictions_provider":"zed","copilot_enabled_for_language":true}}
{"signed_in":false,"milliseconds_since_first_event":132370,"type":"Flexible","event_type":"Editor Closed","event_properties":{"file_extension":"sh","copilot_enabled":false,"copilot_enabled_for_language":true,"edit_predictions_provider":"zed","is_via_ssh":false,"event_source":"zed","vim_mode":true}}
{"signed_in":false,"milliseconds_since_first_event":132370,"type":"Flexible","event_type":"Editor Opened","event_properties":{"copilot_enabled":false,"copilot_enabled_for_language":true,"file_extension":"css","edit_predictions_provider":"zed","event_source":"zed","is_via_ssh":false,"vim_mode":true}}
{"signed_in":false,"milliseconds_since_first_event":138433,"type":"Flexible","event_type":"Editor Closed","event_properties":{"file_extension":"css","vim_mode":true,"event_source":"zed","copilot_enabled_for_language":true,"is_via_ssh":false,"edit_predictions_provider":"zed","copilot_enabled":false}}
{"signed_in":false,"milliseconds_since_first_event":138433,"type":"Flexible","event_type":"Editor Opened","event_properties":{"copilot_enabled_for_language":true,"file_extension":"sh","vim_mode":true,"is_via_ssh":false,"copilot_enabled":false,"edit_predictions_provider":"zed","event_source":"zed"}}
{"signed_in":false,"milliseconds_since_first_event":139185,"type":"Flexible","event_type":"Editor Closed","event_properties":{"file_extension":"sh","is_via_ssh":false,"vim_mode":true,"copilot_enabled":false,"copilot_enabled_for_language":true,"edit_predictions_provider":"zed","event_source":"zed"}}
{"signed_in":false,"milliseconds_since_first_event":139185,"type":"Flexible","event_type":"Editor Opened","event_properties":{"event_source":"zed","copilot_enabled":false,"copilot_enabled_for_language":true,"edit_predictions_provider":"zed","is_via_ssh":false,"vim_mode":true,"file_extension":"css"}}
{"signed_in":false,"milliseconds_since_first_event":140522,"type":"Flexible","event_type":"Editor Closed","event_properties":{"file_extension":"css","edit_predictions_provider":"zed","vim_mode":true,"copilot_enabled":false,"copilot_enabled_for_language":true,"is_via_ssh":false,"event_source":"zed"}}
{"signed_in":false,"milliseconds_since_first_event":140522,"type":"Flexible","event_type":"Editor Opened","event_properties":{"copilot_enabled":false,"copilot_enabled_for_language":true,"event_source":"zed","vim_mode":true,"is_via_ssh":false,"file_extension":"sh","edit_predictions_provider":"zed"}}
{"signed_in":false,"milliseconds_since_first_event":147202,"type":"Flexible","event_type":"Editor Closed","event_properties":{"event_source":"zed","file_extension":"sh","copilot_enabled":false,"copilot_enabled_for_language":true,"edit_predictions_provider":"zed","vim_mode":true,"is_via_ssh":false}}
{"signed_in":false,"milliseconds_since_first_event":147202,"type":"Flexible","event_type":"Editor Opened","event_properties":{"copilot_enabled":false,"event_source":"zed","edit_predictions_provider":"zed","copilot_enabled_for_language":true,"is_via_ssh":false,"file_extension":"css","vim_mode":true}}
{"signed_in":false,"milliseconds_since_first_event":221375,"type":"Flexible","event_type":"Editor Closed","event_properties":{"file_extension":"css","is_via_ssh":false,"event_source":"zed","vim_mode":true,"copilot_enabled_for_language":true,"copilot_enabled":false,"edit_predictions_provider":"zed"}}
{"signed_in":false,"milliseconds_since_first_event":221376,"type":"Flexible","event_type":"Editor Opened","event_properties":{"vim_mode":true,"is_via_ssh":false,"edit_predictions_provider":"zed","file_extension":"css","copilot_enabled":false,"copilot_enabled_for_language":true,"event_source":"zed"}}
{"signed_in":false,"milliseconds_since_first_event":233874,"type":"Flexible","event_type":"Editor Closed","event_properties":{"edit_predictions_provider":"zed","event_source":"zed","file_extension":"css","vim_mode":true,"copilot_enabled_for_language":true,"is_via_ssh":false,"copilot_enabled":false}}
{"signed_in":false,"milliseconds_since_first_event":233875,"type":"Flexible","event_type":"Editor Opened","event_properties":{"vim_mode":true,"file_extension":"json","edit_predictions_provider":"zed","copilot_enabled_for_language":true,"is_via_ssh":false,"copilot_enabled":false,"event_source":"zed"}}
{"signed_in":false,"milliseconds_since_first_event":244260,"type":"Flexible","event_type":"Editor Closed","event_properties":{"event_source":"zed","copilot_enabled":false,"vim_mode":true,"edit_predictions_provider":"zed","is_via_ssh":false,"copilot_enabled_for_language":true,"file_extension":"json"}}
{"signed_in":false,"milliseconds_since_first_event":244261,"type":"Flexible","event_type":"Editor Opened","event_properties":{"edit_predictions_provider":"zed","vim_mode":true,"copilot_enabled":false,"copilot_enabled_for_language":true,"file_extension":"sh","is_via_ssh":false,"event_source":"zed"}}
{"signed_in":false,"milliseconds_since_first_event":282277,"type":"Flexible","event_type":"Editor Closed","event_properties":{"is_via_ssh":false,"event_source":"zed","copilot_enabled":false,"file_extension":"sh","copilot_enabled_for_language":true,"edit_predictions_provider":"zed","vim_mode":true}}
{"signed_in":false,"milliseconds_since_first_event":282277,"type":"Flexible","event_type":"Editor Opened","event_properties":{"copilot_enabled_for_language":true,"edit_predictions_provider":"zed","copilot_enabled":false,"is_via_ssh":false,"event_source":"zed","vim_mode":true,"file_extension":"sh"}}
{"signed_in":false,"milliseconds_since_first_event":285415,"type":"Flexible","event_type":"Editor Closed","event_properties":{"copilot_enabled":false,"vim_mode":true,"copilot_enabled_for_language":true,"edit_predictions_provider":"zed","is_via_ssh":false,"event_source":"zed","file_extension":"sh"}}
{"signed_in":false,"milliseconds_since_first_event":285415,"type":"Flexible","event_type":"Editor Opened","event_properties":{"edit_predictions_provider":"zed","file_extension":"json","copilot_enabled_for_language":true,"event_source":"zed","is_via_ssh":false,"copilot_enabled":false,"vim_mode":true}}
{"signed_in":false,"milliseconds_since_first_event":297825,"type":"Flexible","event_type":"Editor Closed","event_properties":{"copilot_enabled_for_language":true,"file_extension":"json","is_via_ssh":false,"copilot_enabled":false,"edit_predictions_provider":"zed","vim_mode":true,"event_source":"zed"}}
{"signed_in":false,"milliseconds_since_first_event":0,"type":"Flexible","event_type":"Editor Opened","event_properties":{"vim_mode":true,"file_extension":"css","is_via_ssh":false,"copilot_enabled":false,"copilot_enabled_for_language":true,"event_source":"zed","edit_predictions_provider":"zed"}}
{"signed_in":false,"milliseconds_since_first_event":1131,"type":"Flexible","event_type":"Editor Closed","event_properties":{"edit_predictions_provider":"zed","is_via_ssh":false,"event_source":"zed","file_extension":"css","copilot_enabled":false,"copilot_enabled_for_language":true,"vim_mode":true}}
{"signed_in":false,"milliseconds_since_first_event":1131,"type":"Flexible","event_type":"Editor Opened","event_properties":{"vim_mode":true,"is_via_ssh":false,"copilot_enabled":false,"file_extension":null,"copilot_enabled_for_language":true,"event_source":"zed","edit_predictions_provider":"zed"}}
{"signed_in":false,"milliseconds_since_first_event":13336,"type":"Flexible","event_type":"Editor Closed","event_properties":{"vim_mode":true,"file_extension":null,"copilot_enabled":false,"event_source":"zed","edit_predictions_provider":"zed","copilot_enabled_for_language":true,"is_via_ssh":false}}
{"signed_in":false,"milliseconds_since_first_event":13336,"type":"Flexible","event_type":"Editor Opened","event_properties":{"edit_predictions_provider":"zed","file_extension":"css","vim_mode":true,"copilot_enabled":false,"event_source":"zed","copilot_enabled_for_language":true,"is_via_ssh":false}}
{"signed_in":false,"milliseconds_since_first_event":25801,"type":"Flexible","event_type":"Editor Closed","event_properties":{"is_via_ssh":false,"copilot_enabled_for_language":true,"edit_predictions_provider":"zed","file_extension":"css","vim_mode":true,"event_source":"zed","copilot_enabled":false}}
{"signed_in":false,"milliseconds_since_first_event":25801,"type":"Flexible","event_type":"Editor Opened","event_properties":{"vim_mode":true,"file_extension":"css","edit_predictions_provider":"zed","event_source":"zed","copilot_enabled":false,"is_via_ssh":false,"copilot_enabled_for_language":true}}
{"signed_in":false,"milliseconds_since_first_event":28353,"type":"Flexible","event_type":"Editor Closed","event_properties":{"edit_predictions_provider":"zed","is_via_ssh":false,"copilot_enabled":false,"event_source":"zed","vim_mode":true,"file_extension":"css","copilot_enabled_for_language":true}}
{"signed_in":false,"milliseconds_since_first_event":28354,"type":"Flexible","event_type":"Editor Opened","event_properties":{"vim_mode":true,"copilot_enabled_for_language":true,"file_extension":"css","edit_predictions_provider":"zed","is_via_ssh":false,"copilot_enabled":false,"event_source":"zed"}}
{"signed_in":false,"milliseconds_since_first_event":31197,"type":"Flexible","event_type":"Editor Closed","event_properties":{"vim_mode":true,"copilot_enabled":false,"copilot_enabled_for_language":true,"edit_predictions_provider":"zed","is_via_ssh":false,"file_extension":"css","event_source":"zed"}}
{"signed_in":false,"milliseconds_since_first_event":31198,"type":"Flexible","event_type":"Editor Opened","event_properties":{"event_source":"zed","is_via_ssh":false,"file_extension":"css","copilot_enabled":false,"vim_mode":true,"edit_predictions_provider":"zed","copilot_enabled_for_language":true}}
{"signed_in":false,"milliseconds_since_first_event":50301,"type":"Flexible","event_type":"Editor Closed","event_properties":{"vim_mode":true,"copilot_enabled":false,"copilot_enabled_for_language":true,"is_via_ssh":false,"edit_predictions_provider":"zed","event_source":"zed","file_extension":"css"}}
{"signed_in":false,"milliseconds_since_first_event":50302,"type":"Flexible","event_type":"Editor Opened","event_properties":{"vim_mode":true,"copilot_enabled_for_language":true,"edit_predictions_provider":"zed","is_via_ssh":false,"event_source":"zed","file_extension":null,"copilot_enabled":false}}
{"signed_in":false,"milliseconds_since_first_event":66298,"type":"Flexible","event_type":"Editor Closed","event_properties":{"file_extension":null,"is_via_ssh":false,"copilot_enabled_for_language":true,"vim_mode":true,"copilot_enabled":false,"edit_predictions_provider":"zed","event_source":"zed"}}
{"signed_in":false,"milliseconds_since_first_event":66298,"type":"Flexible","event_type":"Editor Opened","event_properties":{"is_via_ssh":false,"copilot_enabled":false,"event_source":"zed","vim_mode":true,"edit_predictions_provider":"zed","file_extension":null,"copilot_enabled_for_language":true}}
{"signed_in":false,"milliseconds_since_first_event":120118,"type":"Flexible","event_type":"Editor Closed","event_properties":{"vim_mode":true,"edit_predictions_provider":"zed","is_via_ssh":false,"copilot_enabled":false,"copilot_enabled_for_language":true,"event_source":"zed","file_extension":null}}
{"signed_in":false,"milliseconds_since_first_event":120119,"type":"Flexible","event_type":"Editor Opened","event_properties":{"copilot_enabled":false,"file_extension":null,"vim_mode":true,"edit_predictions_provider":"zed","is_via_ssh":false,"event_source":"zed","copilot_enabled_for_language":true}}
{"signed_in":false,"milliseconds_since_first_event":179352,"type":"Flexible","event_type":"Editor Closed","event_properties":{"file_extension":null,"copilot_enabled":false,"is_via_ssh":false,"vim_mode":true,"event_source":"zed","copilot_enabled_for_language":true,"edit_predictions_provider":"zed"}}
{"signed_in":false,"milliseconds_since_first_event":179353,"type":"Flexible","event_type":"Editor Opened","event_properties":{"edit_predictions_provider":"zed","is_via_ssh":false,"event_source":"zed","file_extension":null,"copilot_enabled":false,"copilot_enabled_for_language":true,"vim_mode":true}}
{"signed_in":false,"milliseconds_since_first_event":187587,"type":"Flexible","event_type":"Editor Closed","event_properties":{"copilot_enabled":false,"file_extension":null,"vim_mode":true,"copilot_enabled_for_language":true,"is_via_ssh":false,"event_source":"zed","edit_predictions_provider":"zed"}}
{"signed_in":false,"milliseconds_since_first_event":187588,"type":"Flexible","event_type":"Editor Opened","event_properties":{"edit_predictions_provider":"zed","vim_mode":true,"is_via_ssh":false,"event_source":"zed","file_extension":"0","copilot_enabled":false,"copilot_enabled_for_language":true}}
{"signed_in":false,"milliseconds_since_first_event":210137,"type":"Flexible","event_type":"Editor Closed","event_properties":{"event_source":"zed","copilot_enabled":false,"copilot_enabled_for_language":true,"edit_predictions_provider":"zed","vim_mode":true,"is_via_ssh":false,"file_extension":"0"}}
{"signed_in":false,"milliseconds_since_first_event":210137,"type":"Flexible","event_type":"Editor Opened","event_properties":{"edit_predictions_provider":"zed","vim_mode":true,"copilot_enabled":false,"is_via_ssh":false,"file_extension":"ini","copilot_enabled_for_language":true,"event_source":"zed"}}
{"signed_in":false,"milliseconds_since_first_event":215373,"type":"Flexible","event_type":"Editor Closed","event_properties":{"file_extension":"ini","vim_mode":true,"copilot_enabled_for_language":true,"event_source":"zed","edit_predictions_provider":"zed","copilot_enabled":false,"is_via_ssh":false}}
{"signed_in":false,"milliseconds_since_first_event":215373,"type":"Flexible","event_type":"Editor Opened","event_properties":{"event_source":"zed","vim_mode":true,"copilot_enabled_for_language":true,"is_via_ssh":false,"file_extension":"css","copilot_enabled":false,"edit_predictions_provider":"zed"}}
{"signed_in":false,"milliseconds_since_first_event":216952,"type":"Flexible","event_type":"Editor Closed","event_properties":{"copilot_enabled":false,"copilot_enabled_for_language":true,"vim_mode":true,"is_via_ssh":false,"file_extension":"css","edit_predictions_provider":"zed","event_source":"zed"}}
{"signed_in":false,"milliseconds_since_first_event":216952,"type":"Flexible","event_type":"Editor Opened","event_properties":{"edit_predictions_provider":"zed","event_source":"zed","is_via_ssh":false,"file_extension":"css","vim_mode":true,"copilot_enabled":false,"copilot_enabled_for_language":true}}
{"signed_in":false,"milliseconds_since_first_event":223210,"type":"Flexible","event_type":"Editor Closed","event_properties":{"vim_mode":true,"copilot_enabled":false,"copilot_enabled_for_language":true,"edit_predictions_provider":"zed","is_via_ssh":false,"event_source":"zed","file_extension":"css"}}
{"signed_in":false,"milliseconds_since_first_event":223210,"type":"Flexible","event_type":"Editor Opened","event_properties":{"copilot_enabled":false,"edit_predictions_provider":"zed","file_extension":"fish","vim_mode":true,"is_via_ssh":false,"copilot_enabled_for_language":true,"event_source":"zed"}}
{"signed_in":false,"milliseconds_since_first_event":224031,"type":"Flexible","event_type":"Editor Closed","event_properties":{"vim_mode":true,"is_via_ssh":false,"event_source":"zed","copilot_enabled":false,"copilot_enabled_for_language":true,"edit_predictions_provider":"zed","file_extension":"fish"}}
{"signed_in":false,"milliseconds_since_first_event":224031,"type":"Flexible","event_type":"Editor Opened","event_properties":{"edit_predictions_provider":"zed","copilot_enabled":false,"file_extension":"fish","vim_mode":true,"copilot_enabled_for_language":true,"is_via_ssh":false,"event_source":"zed"}}
{"signed_in":false,"milliseconds_since_first_event":225770,"type":"Flexible","event_type":"Editor Closed","event_properties":{"file_extension":"fish","edit_predictions_provider":"zed","event_source":"zed","vim_mode":true,"copilot_enabled":false,"copilot_enabled_for_language":true,"is_via_ssh":false}}
{"signed_in":false,"milliseconds_since_first_event":225770,"type":"Flexible","event_type":"Editor Opened","event_properties":{"vim_mode":true,"copilot_enabled_for_language":true,"file_extension":"fish","edit_predictions_provider":"zed","is_via_ssh":false,"copilot_enabled":false,"event_source":"zed"}}
{"signed_in":false,"milliseconds_since_first_event":226353,"type":"Flexible","event_type":"Editor Closed","event_properties":{"is_via_ssh":false,"vim_mode":true,"copilot_enabled_for_language":true,"event_source":"zed","copilot_enabled":false,"file_extension":"fish","edit_predictions_provider":"zed"}}
{"signed_in":false,"milliseconds_since_first_event":226353,"type":"Flexible","event_type":"Editor Opened","event_properties":{"is_via_ssh":false,"file_extension":"fish","vim_mode":true,"edit_predictions_provider":"zed","event_source":"zed","copilot_enabled":false,"copilot_enabled_for_language":true}}
{"signed_in":false,"milliseconds_since_first_event":228782,"type":"Flexible","event_type":"Editor Closed","event_properties":{"is_via_ssh":false,"event_source":"zed","vim_mode":true,"edit_predictions_provider":"zed","copilot_enabled":false,"copilot_enabled_for_language":true,"file_extension":"fish"}}
{"signed_in":false,"milliseconds_since_first_event":228783,"type":"Flexible","event_type":"Editor Opened","event_properties":{"is_via_ssh":false,"edit_predictions_provider":"zed","event_source":"zed","vim_mode":true,"copilot_enabled":false,"copilot_enabled_for_language":true,"file_extension":"jsonc"}}
{"signed_in":false,"milliseconds_since_first_event":0,"type":"Flexible","event_type":"Editor Opened","event_properties":{"is_via_ssh":false,"event_source":"zed","vim_mode":true,"edit_predictions_provider":"zed","file_extension":"jsonc","copilot_enabled":false,"copilot_enabled_for_language":true}}
{"signed_in":false,"milliseconds_since_first_event":0,"type":"Flexible","event_type":"Editor Edited","event_properties":{"is_via_ssh":false,"duration":18654,"event_source":"zed","environment":"editor"}}
{"signed_in":false,"milliseconds_since_first_event":2923,"type":"Flexible","event_type":"Editor Closed","event_properties":{"event_source":"zed","file_extension":"jsonc","edit_predictions_provider":"zed","copilot_enabled":false,"is_via_ssh":false,"vim_mode":true,"copilot_enabled_for_language":true}}
