0 verbose cli /usr/bin/node /usr/bin/npm
1 info using npm@11.6.4
2 info using node@v25.2.1
3 silly config load:file:/usr/lib/node_modules/npm/npmrc
4 silly config load:file:/home/arch-home/dthkash/myProjects/dotfiles/.npmrc
5 silly config load:file:/home/arch-home/dthkash/.npmrc
6 silly config load:file:/etc/npmrc
7 verbose title npm info @tailwindcss/language-server
8 verbose argv "info" "--cache" "/home/arch-home/dthkash/.local/share/zed/node/cache" "@tailwindcss/language-server" "--json" "--fetch-retry-mintimeout" "2000" "--fetch-retry-maxtimeout" "5000" "--fetch-timeout" "5000"
9 verbose logfile logs-max:10 dir:/home/arch-home/dthkash/.local/share/zed/node/cache/_logs/2026-01-07T19_07_47_684Z-
10 verbose logfile /home/arch-home/dthkash/.local/share/zed/node/cache/_logs/2026-01-07T19_07_47_684Z-debug-0.log
0 verbose cli /usr/bin/node /usr/bin/npm
1 info using npm@11.6.4
2 info using node@v25.2.1
3 silly config load:file:/usr/lib/node_modules/npm/npmrc
4 silly config load:file:/home/arch-home/dthkash/myProjects/dotfiles/.npmrc
5 silly config load:file:/home/arch-home/dthkash/.npmrc
6 silly config load:file:/etc/npmrc
7 verbose title npm info vscode-langservers-extracted
8 verbose argv "info" "--cache" "/home/arch-home/dthkash/.local/share/zed/node/cache" "vscode-langservers-extracted" "--json" "--fetch-retry-mintimeout" "2000" "--fetch-retry-maxtimeout" "5000" "--fetch-timeout" "5000"
9 verbose logfile logs-max:10 dir:/home/arch-home/dthkash/.local/share/zed/node/cache/_logs/2026-01-07T19_07_47_684Z-
10 verbose logfile /home/arch-home/dthkash/.local/share/zed/node/cache/_logs/2026-01-07T19_07_47_684Z-debug-0.log
11 silly logfile start cleaning logs, removing 1 files
11 silly logfile start cleaning logs, removing 1 files
12 silly logfile done cleaning log files
12 silly logfile done cleaning log files
13 http fetch GET 200 https://registry.npmjs.org/vscode-langservers-extracted 148ms (cache revalidated)
14 silly view {
14 silly view   '4.10.0': {
14 silly view     _id: 'vscode-langservers-extracted@4.10.0',
14 silly view     _rev: '24-eeafbef4861fcc379f74633fe15355ba',
14 silly view     name: 'vscode-langservers-extracted',
14 silly view     'dist-tags': { latest: '4.10.0' },
14 silly view     versions: [
14 silly view       '1.0.1', '1.0.2',  '2.0.0',
14 silly view       '2.1.0', '2.2.0',  '2.3.0',
14 silly view       '2.3.1', '2.4.0',  '3.0.0',
14 silly view       '3.0.1', '3.0.2',  '4.0.0',
14 silly view       '4.1.0', '4.2.1',  '4.3.0',
14 silly view       '4.4.0', '4.5.0',  '4.6.0',
14 silly view       '4.7.0', '4.7.1',  '4.8.0',
14 silly view       '4.9.0', '4.10.0'
14 silly view     ],
14 silly view     time: {
14 silly view       created: '2020-11-09T05:24:35.060Z',
14 silly view       '1.0.1': '2020-11-09T05:24:35.205Z',
14 silly view       modified: '2024-05-08T02:25:52.317Z',
14 silly view       '1.0.2': '2020-11-09T05:49:25.321Z',
14 silly view       '2.0.0': '2020-11-09T06:43:03.755Z',
14 silly view       '2.1.0': '2020-12-03T15:16:13.181Z',
14 silly view       '2.2.0': '2021-01-02T06:53:08.764Z',
14 silly view       '2.3.0': '2021-01-02T13:34:43.679Z',
14 silly view       '2.3.1': '2021-03-02T13:54:23.384Z',
14 silly view       '2.4.0': '2021-06-14T03:51:37.239Z',
14 silly view       '3.0.0': '2021-10-01T08:33:27.776Z',
14 silly view       '3.0.1': '2021-10-19T02:51:11.886Z',
14 silly view       '3.0.2': '2021-11-19T14:07:49.556Z',
14 silly view       '4.0.0': '2021-12-27T15:21:52.820Z',
14 silly view       '4.1.0': '2022-02-21T12:30:55.718Z',
14 silly view       '4.2.1': '2022-05-09T13:58:47.918Z',
14 silly view       '4.3.0': '2022-07-20T10:36:52.095Z',
14 silly view       '4.4.0': '2022-07-20T11:59:42.615Z',
14 silly view       '4.5.0': '2022-10-13T07:27:47.391Z',
14 silly view       '4.6.0': '2023-02-01T16:36:49.253Z',
14 silly view       '4.7.0': '2023-04-24T17:34:37.458Z',
14 silly view       '4.7.1': '2023-10-20T17:28:06.880Z',
14 silly view       '4.8.0': '2023-10-21T16:26:38.153Z',
14 silly view       '4.9.0': '2024-05-07T11:37:22.908Z',
14 silly view       '4.10.0': '2024-05-08T02:25:52.141Z'
14 silly view     },
14 silly view     maintainers: [ [Object] ],
14 silly view     description: 'HTML/CSS/JSON/ESLint language servers extracted from [vscode](https://github.com/Microsoft/vscode).',
14 silly view     license: 'MIT',
14 silly view     readmeFilename: 'README.md',
14 silly view     homepage: 'https://github.com/hrsh7th/vscode-langservers-extracted#readme',
14 silly view     keywords: [ 'language-server-protocol' ],
14 silly view     repository: {
14 silly view       type: 'git',
14 silly view       url: 'git+https://github.com/hrsh7th/vscode-langservers-extracted.git'
14 silly view     },
14 silly view     author: { name: 'hrsh7th' },
14 silly view     bugs: {
14 silly view       url: 'https://github.com/hrsh7th/vscode-langservers-extracted/issues'
14 silly view     },
14 silly view     users: { 'flumpus-dev': true },
14 silly view     _contentLength: 73939,
14 silly view     version: '4.10.0',
14 silly view     main: 'index.js',
14 silly view     directories: { bin: './bin' },
14 silly view     bin: {
14 silly view       'vscode-css-language-server': 'bin/vscode-css-language-server',
14 silly view       'vscode-eslint-language-server': 'bin/vscode-eslint-language-server',
14 silly view       'vscode-html-language-server': 'bin/vscode-html-language-server',
14 silly view       'vscode-json-language-server': 'bin/vscode-json-language-server',
14 silly view       'vscode-markdown-language-server': 'bin/vscode-markdown-language-server'
14 silly view     },
14 silly view     scripts: {
14 silly view       clean: 'rimraf {lib,dist}/*',
14 silly view       update: 'yarn clean && ./script/build.sh && node ./script/depcheck.js',
14 silly view       release: 'np --no-yarn',
14 silly view       test: 'echo 1'
14 silly view     },
14 silly view     devDependencies: {
14 silly view       '@babel/cli': '^7.16.0',
14 silly view       '@babel/core': '^7.16.5',
14 silly view       '@babel/preset-env': '^7.16.5',
14 silly view       np: '^7.7.0',
14 silly view       'npm-run-all': '^4.1.5',
14 silly view       rimraf: '^3.0.2'
14 silly view     },
14 silly view     dependencies: {
14 silly view       '@vscode/l10n': '^0.0.18',
14 silly view       'core-js': '^3.20.1',
14 silly view       'jsonc-parser': '^3.2.1',
14 silly view       'regenerator-runtime': '^0.13.9',
14 silly view       'request-light': '^0.7.0',
14 silly view       semver: '^7.6.1',
14 silly view       typescript: '^4.0.5',
14 silly view       'vscode-css-languageservice': '^6.2.14',
14 silly view       'vscode-html-languageservice': '^5.2.0',
14 silly view       'vscode-json-languageservice': '^5.3.11',
14 silly view       'vscode-languageserver': '^10.0.0-next.3',
14 silly view       'vscode-languageserver-textdocument': '^1.0.11',
14 silly view       'vscode-languageserver-types': '^3.17.5',
14 silly view       'vscode-markdown-languageservice': '^0.5.0-alpha.6',
14 silly view       'vscode-nls': '^5.2.0',
14 silly view       'vscode-uri': '^3.0.8'
14 silly view     },
14 silly view     gitHead: '0a7a86dd080ec1adfb61732c17ba59492719c001',
14 silly view     _nodeVersion: '20.11.1',
14 silly view     _npmVersion: '10.2.4',
14 silly view     dist: {
14 silly view       integrity: 'sha512-EFf9uQI4dAKbzMQFjDvVm1xJq1DXAQvBEuEfPGrK/xzfsL5xWTfIuRr90NgfmqwO+IEt6vLZm9EOj6R66xIifg==',
14 silly view       shasum: '420d63a4e8064ec0027436a21f315f1199b566c1',
14 silly view       tarball: 'https://registry.npmjs.org/vscode-langservers-extracted/-/vscode-langservers-extracted-4.10.0.tgz',
14 silly view       fileCount: 94,
14 silly view       unpackedSize: 847612,
14 silly view       signatures: [Array]
14 silly view     },
14 silly view     _npmUser: { name: 'hrsh7th', email: 'hrsh7th@gmail.com' },
14 silly view     _npmOperationalInternal: {
14 silly view       host: 's3://npm-registry-packages',
14 silly view       tmp: 'tmp/vscode-langservers-extracted_4.10.0_1715135151926_0.651471945034156'
14 silly view     },
14 silly view     _hasShrinkwrap: false
14 silly view   }
14 silly view }
15 verbose cwd /home/arch-home/dthkash/myProjects/dotfiles
16 verbose os Linux 6.18.2-zen2-1-zen
17 verbose node v25.2.1
18 verbose npm  v11.6.4
19 verbose exit 0
20 info ok
13 http fetch GET 200 https://registry.npmjs.org/@tailwindcss%2flanguage-server 2915ms (cache updated)
14 silly view {
14 silly view   '0.14.29': {
14 silly view     _id: '@tailwindcss/language-server@0.14.29',
14 silly view     _rev: '208-2aa624f015b8c2abbfd7522e3d987b91',
14 silly view     name: '@tailwindcss/language-server',
14 silly view     'dist-tags': {
14 silly view       dev: '0.0.0-dev.3',
14 silly view       insiders: '0.0.0-insiders.acdcb9c',
14 silly view       latest: '0.14.29'
14 silly view     },
14 silly view     versions: [
14 silly view       '0.0.0-dev.0',
14 silly view       '0.0.0-dev.1',
14 silly view       '0.0.0-dev.2',
14 silly view       '0.0.0-dev.3',
14 silly view       '0.0.0-insiders.2888047',
14 silly view       '0.0.0-insiders.4365208',
14 silly view       '0.0.0-insiders.7555415',
14 silly view       '0.0.0-insiders.045dc60',
14 silly view       '0.0.0-insiders.086ffff',
14 silly view       '0.0.0-insiders.0964dbf',
14 silly view       '0.0.0-insiders.0b83e8d',
14 silly view       '0.0.0-insiders.1c24aa5',
14 silly view       '0.0.0-insiders.1cc8e62',
14 silly view       '0.0.0-insiders.20e1448',
14 silly view       '0.0.0-insiders.2599da8',
14 silly view       '0.0.0-insiders.273f6c0',
14 silly view       '0.0.0-insiders.27daab6',
14 silly view       '0.0.0-insiders.28c63d1',
14 silly view       '0.0.0-insiders.28cefbf',
14 silly view       '0.0.0-insiders.2c981a3',
14 silly view       '0.0.0-insiders.2caebd1',
14 silly view       '0.0.0-insiders.3014df5',
14 silly view       '0.0.0-insiders.3682d72',
14 silly view       '0.0.0-insiders.37c4b96',
14 silly view       '0.0.0-insiders.381d70a',
14 silly view       '0.0.0-insiders.396f3d3',
14 silly view       '0.0.0-insiders.3a46554',
14 silly view       '0.0.0-insiders.3b4b5ba',
14 silly view       '0.0.0-insiders.3b88d1d',
14 silly view       '0.0.0-insiders.3c0f17c',
14 silly view       '0.0.0-insiders.3c3c193',
14 silly view       '0.0.0-insiders.3cd88c8',
14 silly view       '0.0.0-insiders.3d0673b',
14 silly view       '0.0.0-insiders.3df6999',
14 silly view       '0.0.0-insiders.3e001bd',
14 silly view       '0.0.0-insiders.3f79be2',
14 silly view       '0.0.0-insiders.3fc767b',
14 silly view       '0.0.0-insiders.405502b',
14 silly view       '0.0.0-insiders.413f4f1',
14 silly view       '0.0.0-insiders.434c7db',
14 silly view       '0.0.0-insiders.437bf3a',
14 silly view       '0.0.0-insiders.4a3c9f7',
14 silly view       '0.0.0-insiders.4b46fc5',
14 silly view       '0.0.0-insiders.4bf3af2',
14 silly view       '0.0.0-insiders.4c594db',
14 silly view       '0.0.0-insiders.4dd357b',
14 silly view       '0.0.0-insiders.4f09c88',
14 silly view       '0.0.0-insiders.4fa07ea',
14 silly view       '0.0.0-insiders.518b271',
14 silly view       '0.0.0-insiders.55050a4',
14 silly view       '0.0.0-insiders.57c7ccc',
14 silly view       '0.0.0-insiders.5dae3c0',
14 silly view       '0.0.0-insiders.5e308e8',
14 silly view       '0.0.0-insiders.6045dc1',
14 silly view       '0.0.0-insiders.6134ab7',
14 silly view       '0.0.0-insiders.618cbfc',
14 silly view       '0.0.0-insiders.61e36ef',
14 silly view       '0.0.0-insiders.65f70e4',
14 silly view       '0.0.0-insiders.67ebfa4',
14 silly view       '0.0.0-insiders.691ab7a',
14 silly view       '0.0.0-insiders.6978d59',
14 silly view       '0.0.0-insiders.6de5173',
14 silly view       '0.0.0-insiders.6eefb57',
14 silly view       '0.0.0-insiders.712b5ff',
14 silly view       '0.0.0-insiders.73843f5',
14 silly view       '0.0.0-insiders.74575d4',
14 silly view       '0.0.0-insiders.745c3ab',
14 silly view       '0.0.0-insiders.74aad3d',
14 silly view       '0.0.0-insiders.78b8ca4',
14 silly view       '0.0.0-insiders.7f503d5',
14 silly view       '0.0.0-insiders.81bfb90',
14 silly view       '0.0.0-insiders.8285ebc',
14 silly view       '0.0.0-insiders.830dc0a',
14 silly view       '0.0.0-insiders.83cd162',
14 silly view       '0.0.0-insiders.868769d',
14 silly view       '0.0.0-insiders.8764dc0',
14 silly view       '0.0.0-insiders.8a39555',
14 silly view       '0.0.0-insiders.8d22df1',
14 silly view       '0.0.0-insiders.8df1bde',
14 silly view       '0.0.0-insiders.901cdf0',
14 silly view       '0.0.0-insiders.908ddd2',
14 silly view       '0.0.0-insiders.909d097',
14 silly view       '0.0.0-insiders.948d520',
14 silly view       '0.0.0-insiders.9a8ce41',
14 silly view       '0.0.0-insiders.9b300e4',
14 silly view       '0.0.0-insiders.9b9a98f',
14 silly view       '0.0.0-insiders.9ccc34d',
14 silly view       '0.0.0-insiders.9d7006d',
14 silly view       '0.0.0-insiders.9dfa540',
14 silly view       '0.0.0-insiders.9fabf47',
14 silly view       '0.0.0-insiders.a094787',
14 silly view       '0.0.0-insiders.a0b6cc1',
14 silly view       '0.0.0-insiders.a13708b',
14 silly view       '0.0.0-insiders.a1b1455',
14 silly view       '0.0.0-insiders.a4ca640',
14 silly view       '0.0.0-insiders.a6a29da',
14 silly view       '0.0.0-insiders.aa3a050',
14 silly view       '0.0.0-insiders.aaa3b70',
14 silly view       '0.0.0-insiders.abb0f9f',
14 silly view       '0.0.0-insiders.ac2f9fa',
14 silly view       ... 103 more items
14 silly view     ],
14 silly view     time: {
14 silly view       created: '2021-07-12T16:50:59.880Z',
14 silly view       modified: '2026-01-07T04:13:47.333Z',
14 silly view       '0.0.1': '2021-07-12T16:51:00.441Z',
14 silly view       '0.0.2': '2021-07-13T17:10:11.829Z',
14 silly view       '0.0.4': '2021-09-10T11:35:23.100Z',
14 silly view       '0.0.5': '2021-11-26T15:19:46.217Z',
14 silly view       '0.0.6': '2022-01-17T15:18:14.910Z',
14 silly view       '0.0.7': '2022-01-17T15:42:17.942Z',
14 silly view       '0.0.8': '2022-09-12T10:12:20.013Z',
14 silly view       '0.0.9': '2022-09-13T16:34:44.747Z',
14 silly view       '0.0.10': '2022-10-20T17:04:02.619Z',
14 silly view       '0.0.0-dev.0': '2023-01-17T19:05:32.761Z',
14 silly view       '0.0.0-dev.1': '2023-01-17T19:26:32.868Z',
14 silly view       '0.0.0-dev.2': '2023-01-18T11:42:15.049Z',
14 silly view       '0.0.0-dev.3': '2023-01-18T11:48:12.208Z',
14 silly view       '0.0.11': '2023-01-31T17:36:26.135Z',
14 silly view       '0.0.12': '2023-03-13T12:27:44.404Z',
14 silly view       '0.0.13': '2023-03-31T10:45:05.776Z',
14 silly view       '0.0.0-insiders.fc7e38d': '2023-08-21T15:44:43.379Z',
14 silly view       '0.0.0-insiders.ac2f9fa': '2023-08-21T16:01:10.209Z',
14 silly view       '0.0.0-insiders.d5268fd': '2023-08-22T11:27:46.518Z',
14 silly view       '0.0.0-insiders.0964dbf': '2023-08-22T13:20:07.522Z',
14 silly view       '0.0.0-insiders.f202bab': '2023-08-29T10:17:09.130Z',
14 silly view       '0.0.0-insiders.9ccc34d': '2023-08-29T10:33:22.111Z',
14 silly view       '0.0.0-insiders.2599da8': '2023-08-30T13:48:03.805Z',
14 silly view       '0.0.0-insiders.1cc8e62': '2023-08-31T14:56:04.846Z',
14 silly view       '0.0.0-insiders.4bf3af2': '2023-09-04T21:08:20.892Z',
14 silly view       '0.0.0-insiders.045dc60': '2023-09-20T12:15:23.445Z',
14 silly view       '0.0.0-insiders.d49a90b': '2023-09-26T13:54:20.490Z',
14 silly view       '0.0.0-insiders.d5dbede': '2023-09-28T08:05:52.436Z',
14 silly view       '0.0.0-insiders.909d097': '2023-09-28T12:52:29.307Z',
14 silly view       '0.0.0-insiders.4f09c88': '2023-10-11T14:01:26.446Z',
14 silly view       '0.0.0-insiders.83cd162': '2023-10-11T16:18:32.328Z',
14 silly view       '0.0.0-insiders.9b9a98f': '2023-10-13T17:45:06.349Z',
14 silly view       '0.0.0-insiders.a4ca640': '2023-10-17T14:51:52.923Z',
14 silly view       '0.0.0-insiders.3c0f17c': '2023-10-18T15:35:48.340Z',
14 silly view       '0.0.0-insiders.3cd88c8': '2023-10-20T18:34:20.536Z',
14 silly view       '0.0.0-insiders.df8857b': '2023-10-27T15:29:24.149Z',
14 silly view       '0.0.0-insiders.3df6999': '2023-10-27T15:32:19.850Z',
14 silly view       '0.0.0-insiders.a13708b': '2023-10-27T16:03:59.376Z',
14 silly view       '0.0.0-insiders.2caebd1': '2023-10-27T17:45:51.755Z',
14 silly view       '0.0.0-insiders.dfef6c1': '2023-10-30T20:38:02.537Z',
14 silly view       '0.0.0-insiders.6eefb57': '2023-10-31T14:40:19.183Z',
14 silly view       '0.0.0-insiders.aa3a050': '2023-11-01T14:50:28.328Z',
14 silly view       '0.0.14': '2023-11-01T14:52:50.662Z',
14 silly view       '0.0.0-insiders.4365208': '2023-11-01T17:17:12.858Z',
14 silly view       '0.0.0-insiders.0b83e8d': '2023-11-02T14:00:22.146Z',
14 silly view       '0.0.0-insiders.9fabf47': '2023-11-09T19:53:13.556Z',
14 silly view       '0.0.0-insiders.6de5173': '2023-12-06T14:06:09.657Z',
14 silly view       '0.0.0-insiders.3a46554': '2023-12-21T21:57:17.985Z',
14 silly view       '0.0.15': '2024-01-03T18:49:15.724Z',
14 silly view       '0.0.0-insiders.6045dc1': '2024-01-03T18:56:36.983Z',
14 silly view       '0.0.0-insiders.9b300e4': '2024-01-05T21:23:21.400Z',
14 silly view       '0.0.0-insiders.3b88d1d': '2024-01-05T21:28:41.889Z',
14 silly view       '0.0.16': '2024-01-05T21:32:10.665Z',
14 silly view       '0.0.0-insiders.8d22df1': '2024-01-29T01:11:41.072Z',
14 silly view       '0.0.0-insiders.74aad3d': '2024-03-05T14:27:17.830Z',
14 silly view       '0.0.0-insiders.78b8ca4': '2024-03-05T14:47:51.508Z',
14 silly view       '0.0.0-insiders.fd42dac': '2024-03-05T16:01:49.074Z',
14 silly view       '0.0.0-insiders.c67c85f': '2024-03-05T17:55:30.432Z',
14 silly view       '0.0.0-insiders.8764dc0': '2024-03-05T19:53:17.814Z',
14 silly view       '0.0.0-insiders.ff6ad9b': '2024-03-05T20:08:20.274Z',
14 silly view       '0.0.0-insiders.c3bbd2f': '2024-03-07T14:51:32.575Z',
14 silly view       '0.0.0-insiders.4b46fc5': '2024-03-11T17:19:07.146Z',
14 silly view       '0.0.0-insiders.8285ebc': '2024-03-12T23:27:42.279Z',
14 silly view       '0.0.0-insiders.948d520': '2024-03-13T20:21:27.955Z',
14 silly view       '0.0.0-insiders.81bfb90': '2024-03-13T20:42:11.292Z',
14 silly view       '0.0.0-insiders.e191eb5': '2024-03-21T14:58:57.589Z',
14 silly view       '0.0.0-insiders.f7534ae': '2024-03-22T13:55:58.143Z',
14 silly view       '0.0.0-insiders.381d70a': '2024-03-22T13:59:17.512Z',
14 silly view       '0.0.0-insiders.37c4b96': '2024-03-26T14:45:19.767Z',
14 silly view       '0.0.0-insiders.cf97d7a': '2024-03-26T15:23:07.211Z',
14 silly view       '0.0.0-insiders.ecce42b': '2024-03-26T22:06:57.642Z',
14 silly view       '0.0.0-insiders.745c3ab': '2024-03-27T09:24:08.111Z',
14 silly view       '0.0.0-insiders.67ebfa4': '2024-03-27T16:26:36.284Z',
14 silly view       '0.0.0-insiders.d25652b': '2024-03-29T01:11:50.754Z',
14 silly view       '0.0.0-insiders.daa8bb2': '2024-04-04T20:41:10.751Z',
14 silly view       '0.0.0-insiders.7f503d5': '2024-04-15T20:19:39.596Z',
14 silly view       '0.0.0-insiders.830dc0a': '2024-04-16T19:47:55.903Z',
14 silly view       '0.0.0-insiders.273f6c0': '2024-04-19T17:10:08.723Z',
14 silly view       '0.0.0-insiders.9d7006d': '2024-04-24T17:15:21.245Z',
14 silly view       '0.0.0-insiders.086ffff': '2024-05-02T11:14:13.485Z',
14 silly view       '0.0.0-insiders.396f3d3': '2024-05-17T22:36:15.424Z',
14 silly view       '0.0.0-insiders.b715097': '2024-05-17T22:59:52.241Z',
14 silly view       '0.0.0-insiders.bbd7b5b': '2024-05-29T13:22:40.064Z',
14 silly view       '0.0.0-insiders.f029cf2': '2024-05-29T14:59:52.849Z',
14 silly view       '0.0.0-insiders.28cefbf': '2024-06-04T12:38:34.445Z',
14 silly view       '0.0.0-insiders.73843f5': '2024-06-17T13:10:16.176Z',
14 silly view       '0.0.0-insiders.d561031': '2024-06-18T15:23:06.266Z',
14 silly view       '0.0.0-insiders.b39c8e0': '2024-06-18T16:08:45.699Z',
14 silly view       '0.0.0-insiders.2888047': '2024-06-18T18:02:47.006Z',
14 silly view       '0.0.0-insiders.3d0673b': '2024-06-22T00:21:36.424Z',
14 silly view       '0.0.0-insiders.e79550d': '2024-06-24T13:25:24.067Z',
14 silly view       '0.0.0-insiders.b2f8eee': '2024-06-24T15:59:44.338Z',
14 silly view       '0.0.0-insiders.ea974b9': '2024-06-24T17:15:49.255Z',
14 silly view       '0.0.0-insiders.c61f4c9': '2024-06-24T17:37:34.137Z',
14 silly view       '0.0.17': '2024-06-24T17:39:55.647Z',
14 silly view       '0.0.18': '2024-06-25T16:21:48.376Z',
14 silly view       '0.0.0-insiders.405502b': '2024-06-26T20:53:07.481Z',
14 silly view       '0.0.0-insiders.413f4f1': '2024-06-27T14:35:50.904Z',
14 silly view       '0.0.0-insiders.28c63d1': '2024-06-27T14:39:51.298Z',
14 silly view       '0.0.0-insiders.9a8ce41': '2024-06-28T19:53:19.779Z',
14 silly view       '0.0.0-insiders.cb62a7f': '2024-06-28T20:01:58.955Z',
14 silly view       '0.0.0-insiders.aaa3b70': '2024-06-28T21:41:44.374Z',
14 silly view       '0.0.0-insiders.7555415': '2024-06-29T11:37:37.768Z',
14 silly view       '0.0.0-insiders.8df1bde': '2024-06-29T11:41:30.450Z',
14 silly view       '0.0.0-insiders.b8ba251': '2024-07-02T01:01:48.755Z',
14 silly view       '0.0.0-insiders.2c981a3': '2024-07-02T17:06:59.538Z',
14 silly view       '0.0.0-insiders.f4b0e54': '2024-07-02T17:55:57.437Z',
14 silly view       '0.0.0-insiders.a094787': '2024-07-02T19:16:26.369Z',
14 silly view       '0.0.0-insiders.908ddd2': '2024-07-03T16:24:16.618Z',
14 silly view       '0.0.19': '2024-07-03T16:30:39.317Z',
14 silly view       '0.0.0-insiders.d9eaeb8': '2024-07-03T16:30:47.899Z',
14 silly view       '0.0.0-insiders.cc2bb07': '2024-07-05T14:23:47.896Z',
14 silly view       '0.0.0-insiders.fdb0df2': '2024-07-05T14:53:29.656Z',
14 silly view       '0.0.20': '2024-07-05T15:05:13.886Z',
14 silly view       '0.0.0-insiders.c91a63e': '2024-07-05T15:05:44.098Z',
14 silly view       '0.0.0-insiders.abb0f9f': '2024-07-10T20:20:24.438Z',
14 silly view       '0.0.21': '2024-07-12T13:15:21.558Z',
14 silly view       '0.0.0-insiders.a0b6cc1': '2024-07-12T13:15:42.042Z',
14 silly view       '0.0.0-insiders.a6a29da': '2024-07-12T13:27:26.743Z',
14 silly view       '0.0.0-insiders.65f70e4': '2024-08-07T14:10:11.258Z',
14 silly view       '0.0.0-insiders.eea9f59': '2024-08-09T15:54:46.917Z',
14 silly view       '0.0.0-insiders.a1b1455': '2024-08-09T16:05:56.935Z',
14 silly view       '0.0.0-insiders.3f79be2': '2024-08-09T16:14:42.614Z',
14 silly view       '0.0.22': '2024-08-09T16:15:50.715Z',
14 silly view       '0.0.0-insiders.3fc767b': '2024-08-16T13:53:30.508Z',
14 silly view       '0.0.0-insiders.74575d4': '2024-08-23T14:10:07.908Z',
14 silly view       '0.0.23': '2024-08-23T14:12:46.582Z',
14 silly view       '0.0.0-insiders.5e308e8': '2024-08-23T14:13:26.034Z',
14 silly view       '0.0.0-insiders.cb09921': '2024-08-28T09:11:00.041Z',
14 silly view       '0.0.0-insiders.3c3c193': '2024-08-28T09:19:25.908Z',
14 silly view       '0.0.24': '2024-08-28T10:17:15.578Z',
14 silly view       '0.0.0-insiders.c2c7cc7': '2024-09-02T19:36:32.706Z',
14 silly view       '0.0.0-insiders.6134ab7': '2024-09-02T20:04:35.335Z',
14 silly view       '0.0.0-insiders.e601610': '2024-09-04T16:33:06.204Z',
14 silly view       '0.0.0-insiders.437bf3a': '2024-09-04T16:38:44.283Z',
14 silly view       '0.0.0-insiders.868769d': '2024-09-04T19:10:00.532Z',
14 silly view       '0.0.0-insiders.4a3c9f7': '2024-09-23T14:10:40.107Z',
14 silly view       '0.0.0-insiders.4dd357b': '2024-09-24T15:59:24.959Z',
14 silly view       '0.0.0-insiders.691ab7a': '2024-09-24T16:05:24.330Z',
14 silly view       '0.0.25': '2024-09-24T16:05:46.901Z',
14 silly view       '0.0.0-insiders.4fa07ea': '2024-09-30T13:18:42.842Z',
14 silly view       '0.0.0-insiders.3e001bd': '2024-10-07T19:45:17.806Z',
14 silly view       '0.0.0-insiders.518b271': '2024-10-07T19:49:29.962Z',
14 silly view       '0.0.0-insiders.901cdf0': '2024-10-21T09:57:03.148Z',
14 silly view       '0.0.0-insiders.bba9b29': '2024-10-29T20:25:21.506Z',
14 silly view       '0.0.26': '2024-10-29T20:28:36.885Z',
14 silly view       '0.0.0-insiders.8a39555': '2024-11-08T13:47:27.081Z',
14 silly view       '0.0.0-insiders.cb0f305': '2024-11-08T13:51:35.716Z',
14 silly view       '0.0.0-insiders.e3cd1f2': '2024-11-08T13:55:46.618Z',
14 silly view       '0.0.0-insiders.712b5ff': '2024-11-08T14:08:04.494Z',
14 silly view       '0.0.0-insiders.3014df5': '2024-11-08T14:57:40.131Z',
14 silly view       '0.0.0-insiders.3b4b5ba': '2024-11-11T15:50:13.411Z',
14 silly view       '0.0.0-insiders.5dae3c0': '2024-11-11T16:27:53.586Z',
14 silly view       '0.0.0-insiders.55050a4': '2024-11-11T17:31:57.682Z',
14 silly view       '0.0.0-insiders.20e1448': '2024-11-15T19:12:56.243Z',
14 silly view       '0.0.0-insiders.27daab6': '2024-11-15T19:59:27.337Z',
14 silly view       '0.0.27': '2024-11-15T19:59:38.794Z',
14 silly view       '0.0.0-insiders.aef7cff': '2024-11-15T20:03:27.731Z',
14 silly view       '0.0.0-insiders.cc8dd1c': '2024-11-22T16:49:23.312Z',
14 silly view       '0.0.0-insiders.b10aba1': '2024-11-22T20:29:26.977Z',
14 silly view       '0.0.0-insiders.6978d59': '2024-12-09T15:06:57.663Z',
14 silly view       '0.0.0-insiders.4c594db': '2024-12-09T15:11:56.343Z',
14 silly view       '0.0.0-insiders.434c7db': '2024-12-11T12:24:25.778Z',
14 silly view       '0.0.0-insiders.db1e849': '2024-12-20T17:19:08.200Z',
14 silly view       '0.0.0-insiders.1c24aa5': '2024-12-21T01:21:50.926Z',
14 silly view       '0.0.0-insiders.3682d72': '2025-01-10T14:54:34.222Z',
14 silly view       '0.0.0-insiders.57c7ccc': '2025-01-10T14:58:41.867Z',
14 silly view       '0.0.0-insiders.61e36ef': '2025-01-10T20:00:42.256Z',
14 silly view       '0.12.18': '2025-01-10T20:12:34.992Z',
14 silly view       '0.0.0-insiders.9dfa540': '2025-01-11T21:41:05.750Z',
14 silly view       '0.0.0-insiders.e871fc9': '2025-01-21T16:20:17.449Z',
14 silly view       '0.0.0-insiders.618cbfc': '2025-01-21T16:24:30.201Z',
14 silly view       '0.0.0-insiders.acdcb9c': '2025-01-21T16:55:04.478Z',
14 silly view       '0.14.0': '2025-01-21T17:52:16.014Z',
14 silly view       '0.14.1': '2025-01-21T19:30:04.322Z',
14 silly view       '0.14.2': '2025-01-29T17:35:12.440Z',
14 silly view       '0.14.3': '2025-02-05T15:28:54.632Z',
14 silly view       '0.14.4': '2025-02-12T14:44:47.509Z',
14 silly view       '0.14.5': '2025-02-17T18:09:35.250Z',
14 silly view       '0.14.6': '2025-02-18T12:50:55.074Z',
14 silly view       '0.14.7': '2025-02-25T16:19:27.876Z',
14 silly view       '0.14.8': '2025-02-26T18:13:03.368Z',
14 silly view       '0.14.9': '2025-03-12T14:52:46.028Z',
14 silly view       '0.14.10': '2025-03-20T19:21:33.066Z',
14 silly view       '0.14.11': '2025-03-20T22:56:29.607Z',
14 silly view       '0.14.12': '2025-03-28T20:42:53.583Z',
14 silly view       '0.14.13': '2025-04-02T14:29:55.581Z',
14 silly view       '0.14.14': '2025-04-07T20:49:18.687Z',
14 silly view       '0.14.15': '2025-04-09T11:18:59.144Z',
14 silly view       '0.14.16': '2025-04-24T17:30:42.802Z',
14 silly view       '0.14.17': '2025-05-15T17:18:52.532Z',
14 silly view       '0.14.18': '2025-05-20T16:02:55.781Z',
14 silly view       '0.14.19': '2025-05-22T22:00:45.030Z',
14 silly view       '0.14.20': '2025-05-29T14:29:49.685Z',
14 silly view       '0.14.21': '2025-06-05T19:42:20.293Z',
14 silly view       '0.14.22': '2025-06-16T17:24:37.852Z',
14 silly view       '0.14.23': '2025-06-19T14:49:32.425Z',
14 silly view       '0.14.24': '2025-07-03T19:36:42.930Z',
14 silly view       '0.14.25': '2025-07-10T15:36:36.239Z',
14 silly view       '0.14.26': '2025-08-01T18:41:34.118Z',
14 silly view       '0.14.27': '2025-10-02T17:48:07.040Z',
14 silly view       '0.14.28': '2025-10-08T10:05:37.122Z',
14 silly view       '0.14.29': '2025-10-22T20:08:20.530Z'
14 silly view     },
14 silly view     bugs: {
14 silly view       url: 'https://github.com/tailwindlabs/tailwindcss-intellisense/issues'
14 silly view     },
14 silly view     license: 'MIT',
14 silly view     homepage: 'https://github.com/tailwindlabs/tailwindcss-intellisense/tree/HEAD/packages/tailwindcss-language-server#readme',
14 silly view     repository: {
14 silly view       url: 'git+https://github.com/tailwindlabs/tailwindcss-intellisense.git',
14 silly view       type: 'git',
14 silly view       directory: 'packages/tailwindcss-language-server'
14 silly view     },
14 silly view     description: 'Tailwind CSS Language Server',
14 silly view     maintainers: [ [Object], [Object], [Object], [Object] ],
14 silly view     readmeFilename: 'README.md',
14 silly view     version: '0.14.29',
14 silly view     bin: {
14 silly view       'css-language-server': 'bin/css-language-server',
14 silly view       'tailwindcss-language-server': 'bin/tailwindcss-language-server'
14 silly view     },
14 silly view     dist: {
14 silly view       shasum: '5c67f74e4b6ecb3509b8419f7003a2f45e4f63c7',
14 silly view       tarball: 'https://registry.npmjs.org/@tailwindcss/language-server/-/language-server-0.14.29.tgz',
14 silly view       fileCount: 16,
14 silly view       integrity: 'sha512-aZ3/XyTNmsoIyhs09Fghlw6D6y7o70aIxHmQEYPFiJPe/1k3HqtxXqhn7g7a5UpA1yeGOyKK9HRNJ8ghZqIclg==',
14 silly view       signatures: [Array],
14 silly view       unpackedSize: 10437068
14 silly view     },
14 silly view     _from: 'file:tailwindcss-language-server-0.14.29.tgz',
14 silly view     engines: { node: '>=18.0.0' },
14 silly view     scripts: {
14 silly view       test: 'vitest',
14 silly view       build: 'pnpm run clean && pnpm run _esbuild && pnpm run _esbuild:oxide && pnpm run _esbuild:css',
14 silly view       clean: 'rimraf bin',
14 silly view       pretest: 'node tests/prepare.mjs',
14 silly view       _esbuild: 'node ../../esbuild.mjs src/server.ts --outfile=bin/tailwindcss-language-server --minify',
14 silly view       '_esbuild:css': 'node ../../esbuild.mjs src/language/css.ts --outfile=bin/css-language-server --minify',
14 silly view       '_esbuild:oxide': 'node ../../esbuild.mjs src/oxide-helper.ts --outfile=bin/oxide-helper.js --minify'
14 silly view     },
14 silly view     _npmUser: { name: 'thecrypticace', email: 'thecrypticace@gmail.com' },
14 silly view     _resolved: '/private/var/folders/l1/s2x00_5s2jxbh4yl5hx86f8w0000gn/T/bda2e30f35d87b37284b83dec84c7a26/tailwindcss-language-server-0.14.29.tgz',
14 silly view     _integrity: 'sha512-aZ3/XyTNmsoIyhs09Fghlw6D6y7o70aIxHmQEYPFiJPe/1k3HqtxXqhn7g7a5UpA1yeGOyKK9HRNJ8ghZqIclg==',
14 silly view     _npmVersion: '11.3.0',
14 silly view     directories: {},
14 silly view     _nodeVersion: '24.1.0',
14 silly view     publishConfig: { access: 'public' },
14 silly view     _hasShrinkwrap: false,
14 silly view     devDependencies: {
14 silly view       dlv: '1.1.3',
14 silly view       dset: '3.1.4',
14 silly view       jiti: '^2.6.0',
14 silly view       vite: '^6.4.1',
14 silly view       klona: '2.0.4',
14 silly view       culori: '^4.0.1',
14 silly view       dedent: '^1.5.3',
14 silly view       'pkg-up': '3.1.0',
14 silly view       rimraf: '3.0.2',
14 silly view       vitest: '^3.2.1',
14 silly view       esbuild: '^0.25.5',
14 silly view       'find-up': '5.0.0',
14 silly view       postcss: '8.5.4',
14 silly view       resolve: '1.20.0',
14 silly view       chokidar: '3.6.0',
14 silly view       debounce: '1.2.0',
14 silly view       minimist: '^1.2.8',
14 silly view       tsconfck: '^3.1.4',
14 silly view       'bun-types': '^1.1.1',
14 silly view       deepmerge: '4.2.2',
14 silly view       picomatch: '^4.0.1',
14 silly view       '@types/dlv': '^1.1.4',
14 silly view       'color-name': '1.1.4',
14 silly view       tinyglobby: '^0.2.12',
14 silly view       typescript: '5.8.3',
14 silly view       'vscode-uri': '3.0.2',
14 silly view       '@types/node': '^18.19.33',
14 silly view       'stack-trace': '0.0.10',
14 silly view       tailwindcss: '3.4.18',
14 silly view       browserslist: '^4.23.0',
14 silly view       '@types/braces': '3.0.1',
14 silly view       '@types/culori': '^2.1.0',
14 silly view       '@types/vscode': '1.65.0',
14 silly view       '@types/find-up': '^4.0.0',
14 silly view       'normalize-path': '3.0.0',
14 silly view       'postcss-import': '^16.1.0',
14 silly view       'tailwindcss-v4': 'npm:tailwindcss@4.1.15',
14 silly view       'tsconfig-paths': '^4.2.0',
14 silly view       'vscode-jsonrpc': '8.2.0',
14 silly view       '@parcel/watcher': '2.5.1',
14 silly view       '@types/debounce': '1.2.0',
14 silly view       '@types/picomatch': '^2.3.3',
14 silly view       'enhanced-resolve': '^5.16.1',
14 silly view       '@types/color-name': '^1.1.3',
14 silly view       '@tailwindcss/forms': '0.5.10',
14 silly view       '@tailwindcss/oxide': '^4.1.15',
14 silly view       '@types/stack-trace': '^0.0.33',
14 silly view       'postcss-load-config': '3.0.1',
14 silly view       'vite-tsconfig-paths': '^5.1.4',
14 silly view       '@types/normalize-path': '^3.0.2',
14 silly view       '@types/postcss-import': '^14.0.3',
14 silly view       'vscode-languageclient': '8.1.0',
14 silly view       'vscode-languageserver': '8.1.0',
14 silly view       '@tailwindcss/line-clamp': '0.4.4',
14 silly view       '@tailwindcss/typography': '0.5.19',
14 silly view       'postcss-selector-parser': '6.0.2',
14 silly view       '@parcel/watcher-win32-x64': '2.5.1',
14 silly view       '@tailwindcss/aspect-ratio': '0.4.2',
14 silly view       '@parcel/watcher-darwin-x64': '2.5.1',
14 silly view       'vscode-css-languageservice': '6.3.7',
14 silly view       '@parcel/watcher-win32-arm64': '2.5.1',
14 silly view       '@parcel/watcher-darwin-arm64': '2.5.1',
14 silly view       '@tailwindcss/language-service': '0.14.29',
14 silly view       '@parcel/watcher-linux-x64-musl': '2.5.1',
14 silly view       '@tailwindcss/container-queries': '0.1.1',
14 silly view       'vscode-languageserver-protocol': '^3.17.5',
14 silly view       '@parcel/watcher-linux-x64-glibc': '2.5.1',
14 silly view       '@parcel/watcher-linux-arm64-musl': '2.5.1',
14 silly view       '@parcel/watcher-linux-arm64-glibc': '2.5.1',
14 silly view       'vscode-languageserver-textdocument': '1.0.12'
14 silly view     },
14 silly view     _npmOperationalInternal: {
14 silly view       tmp: 'tmp/language-server_0.14.29_1761163700253_0.24916989281429713',
14 silly view       host: 's3://npm-registry-packages-npm-production'
14 silly view     }
14 silly view   }
14 silly view }
15 verbose cwd /home/arch-home/dthkash/myProjects/dotfiles
16 verbose os Linux 6.18.2-zen2-1-zen
17 verbose node v25.2.1
18 verbose npm  v11.6.4
19 verbose exit 0
20 info ok
